// Jest Snapshot v1, https://goo.gl/fbAQLP

exports[`Button test render 1`] = `
<button
  onClick={[Function]}
>
  0
   times clicked!
</button>
`;
